// Jest Snapshot v1, https://goo.gl/fbAQLP

exports[`Test component Link should render component 1`] = `
<ContextProvider
  value={
    Object {
      "store": Object {
        "@@observable": [Function],
        "dispatch": [Function],
        "getState": [Function],
        "replaceReducer": [Function],
        "subscribe": [Function],
      },
      "subscription": Subscription {
        "handleChangeWrapper": [Function],
        "listeners": Object {
          "notify": [Function],
        },
        "onStateChange": [Function],
        "parentSub": undefined,
        "store": Object {
          "@@observable": [Function],
          "dispatch": [Function],
          "getState": [Function],
          "replaceReducer": [Function],
          "subscribe": [Function],
        },
        "unsubscribe": null,
      },
    }
  }
>
  <Connect(Tree)
    categories={
      Array [
        Object {
          "commission": 3,
          "created_at": 1555732503,
          "game_id": 3,
          "id": 6,
          "isFinal": true,
          "is_allow_multiple_offers": null,
          "is_instant_delivery": 0,
          "multiple_sale": 1,
          "name": "Золото",
          "parent_id": null,
          "price_multiplier": 1000,
          "show_count": 1,
          "show_price": 1,
          "show_time": 1,
          "sort": 5,
          "status": 1,
          "updated_at": 1555732503,
        },
        Object {
          "children": Array [
            Object {
              "commission": 10,
              "created_at": 1555817073,
              "game_id": 3,
              "id": 8,
              "isFinal": true,
              "is_allow_multiple_offers": null,
              "is_instant_delivery": 0,
              "multiple_sale": 1,
              "name": "Дазар'Алор",
              "parent_id": 7,
              "price_multiplier": 1,
              "show_count": 0,
              "show_price": 0,
              "show_time": 0,
              "sort": 1,
              "status": 1,
              "updated_at": 1555817073,
            },
            Object {
              "commission": 10,
              "created_at": 1555919373,
              "game_id": 3,
              "id": 9,
              "isFinal": true,
              "is_allow_multiple_offers": null,
              "is_instant_delivery": 0,
              "multiple_sale": 1,
              "name": "Горнило штормов",
              "parent_id": 7,
              "price_multiplier": 1,
              "show_count": 1,
              "show_price": 0,
              "show_time": 1,
              "sort": 3,
              "status": 1,
              "updated_at": 1555919373,
            },
          ],
          "commission": 10,
          "created_at": 1555816711,
          "game_id": 3,
          "id": 7,
          "isFinal": false,
          "is_allow_multiple_offers": null,
          "is_instant_delivery": 0,
          "multiple_sale": 0,
          "name": "Рейды",
          "parent_id": null,
          "price_multiplier": 1,
          "show_count": 0,
          "show_price": 0,
          "show_time": 0,
          "sort": 6,
          "status": 1,
          "updated_at": 1555816711,
        },
        Object {
          "commission": 10,
          "created_at": 1559631163,
          "game_id": 3,
          "id": 19,
          "isFinal": true,
          "is_allow_multiple_offers": 1,
          "is_instant_delivery": 0,
          "multiple_sale": 1,
          "name": "Серебро",
          "parent_id": null,
          "price_multiplier": 1000,
          "show_count": 1,
          "show_price": 1,
          "show_time": 1,
          "sort": 13,
          "status": 1,
          "updated_at": 1559631163,
        },
        Object {
          "commission": 10,
          "created_at": 1573635179,
          "game_id": 3,
          "id": 51,
          "isFinal": true,
          "is_allow_multiple_offers": null,
          "is_instant_delivery": 0,
          "multiple_sale": 1,
          "name": "Серебро",
          "parent_id": null,
          "price_multiplier": 1000,
          "show_count": 1,
          "show_price": 1,
          "show_time": 1,
          "sort": 25,
          "status": 1,
          "updated_at": 1574063841,
        },
      ]
    }
    changeTree={[MockFunction]}
  />
</ContextProvider>
`;
